../Core/Src/main.c:39:9:bcdToDec	16	static
../Core/Src/main.c:42:6:DS3231_ReadTime	32	static
../Core/Src/main.c:89:5:main	96	static
../Core/Src/main.c:156:6:SystemClock_Config	72	static
../Core/Src/main.c:193:13:MX_I2C1_Init	8	static
../Core/Src/main.c:227:13:MX_USART1_UART_Init	8	static
../Core/Src/main.c:260:13:MX_USART2_UART_Init	8	static
../Core/Src/main.c:291:13:MX_DMA_Init	16	static
../Core/Src/main.c:309:13:MX_GPIO_Init	16	static
../Core/Src/main.c:332:6:Error_Handler	4	static,ignoring_inline_asm
