../Core/Src/error_manager.c:10:6:ErrorMgr_Init	8	static
../Core/Src/error_manager.c:17:6:ErrorMgr_IncGPSChecksumFail	4	static
../Core/Src/error_manager.c:24:6:ErrorMgr_IncGPSParseFail	4	static
../Core/Src/error_manager.c:31:6:ErrorMgr_IncRTCReadFail	4	static
../Core/Src/error_manager.c:38:6:ErrorMgr_IncSDMountFail	4	static
../Core/Src/error_manager.c:45:6:ErrorMgr_IncSDWriteFail	4	static
../Core/Src/error_manager.c:52:6:ErrorMgr_IncUARTTxFail	4	static
../Core/Src/error_manager.c:60:23:ErrorMgr_GetCounters	24	static
