10:57:37 **** Build of configuration Debug for project lab2 ****
make -j16 all 
arm-none-eabi-size  lab2.elf 
   text	   data	    bss	    dec	    hex	filename
  31292	    472	   3184	  34948	   8884	lab2.elf
Finished building: default.size.stdout
 
11:08:16 **** Incremental Build of configuration Debug for project test ****
make -j16 all 
arm-none-eabi-size  test.elf 
   text	   data	    bss	    dec	    hex	filename
  62160	    496	   6208	  68864	  10d00	test.elf
Finished building: default.size.stdout
 
11:19:29 **** Incremental Build of configuration Debug for project test ****
make -j16 all 
arm-none-eabi-gcc "../Core/Src/app.c" -mcpu=cortex-m3 -std=gnu11 -g3 -DDEBUG -DUSE_HAL_DRIVER -DSTM32F103xB -c -I../Core/Inc -I../Drivers/STM32F1xx_HAL_Driver/Inc/Legacy -I../Drivers/STM32F1xx_HAL_Driver/Inc -I../Drivers/CMSIS/Device/ST/STM32F1xx/Include -I../Drivers/CMSIS/Include -I../FATFS/Target -I../FATFS/App -I../Middlewares/Third_Party/FatFs/src -O0 -ffunction-sections -fdata-sections -Wall -fstack-usage -fcyclomatic-complexity -MMD -MP -MF"Core/Src/app.d" -MT"Core/Src/app.o" --specs=nano.specs -mfloat-abi=soft -mthumb -o "Core/Src/app.o"
arm-none-eabi-gcc "../Core/Src/stm32f1xx_it.c" -mcpu=cortex-m3 -std=gnu11 -g3 -DDEBUG -DUSE_HAL_DRIVER -DSTM32F103xB -c -I../Core/Inc -I../Drivers/STM32F1xx_HAL_Driver/Inc/Legacy -I../Drivers/STM32F1xx_HAL_Driver/Inc -I../Drivers/CMSIS/Device/ST/STM32F1xx/Include -I../Drivers/CMSIS/Include -I../FATFS/Target -I../FATFS/App -I../Middlewares/Third_Party/FatFs/src -O0 -ffunction-sections -fdata-sections -Wall -fstack-usage -fcyclomatic-complexity -MMD -MP -MF"Core/Src/stm32f1xx_it.d" -MT"Core/Src/stm32f1xx_it.o" --specs=nano.specs -mfloat-abi=soft -mthumb -o "Core/Src/stm32f1xx_it.o"
../Core/Src/app.c:73:17: warning: 'last_gps_diag_time' defined but not used [-Wunused-variable]
   73 | static uint32_t last_gps_diag_time = 0;
      |                 ^~~~~~~~~~~~~~~~~~
arm-none-eabi-gcc -o "test.elf" @"objects.list"   -mcpu=cortex-m3 -T"C:\Users\wangh\STM32CubeIDE\capstone_topic\test\STM32F103C8TX_FLASH.ld" --specs=nosys.specs -Wl,-Map="test.map" -Wl,--gc-sections -static --specs=nano.specs -mfloat-abi=soft -mthumb -u _printf_float -u _scanf_float -Wl,--start-group -lc -lm -Wl,--end-group
Finished building target: test.elf
 
arm-none-eabi-size  test.elf 
arm-none-eabi-objdump -h -S test.elf  > "test.list"
arm-none-eabi-objcopy  -O ihex test.elf  "test.hex"
   text	   data	    bss	    dec	    hex	filename
  62136	    496	   6208	  68840	  10ce8	test.elf
Finished building: default.size.stdout
 
Finished building: test.hex
 
Finished building: test.list
 
